[System] No API Key found. Running in MOCK mode.

[Test] API Fallback (New Coin)
Response: The price of SOL is $94.91. [Source: FreeCryptoAPI]
[System] No API Key found. Running in MOCK mode.

[Test] Context Resolution
Response: The price of BTC is $44348.06. [Source: FreeCryptoAPI]
[System] No API Key found. Running in MOCK mode.

[Test] KB Hit Metadata
Response: BTC (Bitcoin) was launched in 2009 and uses Proof of Work consensus. [Source: Knowledge Base]
[System] No API Key found. Running in MOCK mode.

[Test] Rejection Policy
Response: BTC (Bitcoin) was launched in 2009 and uses Proof of Work consensus. [Source: Knowledge Base]
python : ...F
At line:1 char:1
+ python 
test_agent.py > 
test_output.txt 2>&1
+ ~~~~~~~~~~~~~~~~~~
~~~~~~~~~~~~~~~~~~~~
~~~~~
    + CategoryInfo  
            : NotS  
  pecified: (...F   
 :String) [], Re    
moteException
    + FullyQualifie 
   dErrorId : Nati  
  veCommandError
 
====================
====================
====================
==========
FAIL: test_rejection
_policy (__main__.Te
stCryptoAgent.test_r
ejection_policy)
--------------------
--------------------
--------------------
----------
Traceback (most 
recent call last):
  File "E:\Agentic A
I\AI_Crypto_Predicti
on_Prices\test_agent
.py", line 51, in te
st_rejection_policy
    
self.assertIn("I 
cannot answer 
hypothetical 
questions", 
response)
    ~~~~~~~~~~~~~^^^
^^^^^^^^^^^^^^^^^^^^
^^^^^^^^^^^^^^^^^^^^
^^^^^^^^^
AssertionError: 'I 
cannot answer 
hypothetical 
questions' not 
found in 'BTC 
(Bitcoin) was 
launched in 2009 
and uses Proof of 
Work consensus. 
[Source: Knowledge 
Base]'

--------------------
--------------------
--------------------
----------
Ran 4 tests in 
1.042s

FAILED (failures=1)
